// Jest Snapshot v1, https://goo.gl/fbAQLP

exports[`<Header /> should have an logo in a \`div\` 1`] = `
.c0 {
  margin-top: 53px;
  margin-bottom: 50px;
}

.c1 {
  margin: 0 auto;
  width: 51px;
  height: 45px;
  background: url(sample-string) no-repeat center;
  background-size: 51px 45px;
}

<Header>
  <styled.header>
    <StyledComponent
      forwardedComponent={
        Object {
          "$$typeof": Symbol(react.forward_ref),
          "attrs": Array [],
          "componentStyle": ComponentStyle {
            "componentId": "sc-bdVaJa",
            "isStatic": true,
            "lastClassName": "c0",
            "rules": Array [
              "
  margin-top: 53px;
  margin-bottom: 50px;
",
            ],
          },
          "displayName": "styled.header",
          "foldedComponentIds": Array [],
          "render": [Function],
          "styledComponentId": "sc-bdVaJa",
          "target": "header",
          "toString": [Function],
          "warnTooManyClasses": [Function],
          "withComponent": [Function],
        }
      }
      forwardedRef={null}
    >
      <header
        className="c0"
      >
        <styled.div>
          <StyledComponent
            forwardedComponent={
              Object {
                "$$typeof": Symbol(react.forward_ref),
                "attrs": Array [],
                "componentStyle": ComponentStyle {
                  "componentId": "sc-bwzfXH",
                  "isStatic": true,
                  "lastClassName": "c1",
                  "rules": Array [
                    "
  margin: 0 auto;
  width: 51px;
  height: 45px;
  background: url(",
                    "sample-string",
                    ") no-repeat center;
  background-size: 51px 45px;
",
                  ],
                },
                "displayName": "styled.div",
                "foldedComponentIds": Array [],
                "render": [Function],
                "styledComponentId": "sc-bwzfXH",
                "target": "div",
                "toString": [Function],
                "warnTooManyClasses": [Function],
                "withComponent": [Function],
              }
            }
            forwardedRef={null}
          >
            <div
              className="c1"
            />
          </StyledComponent>
        </styled.div>
      </header>
    </StyledComponent>
  </styled.header>
</Header>
`;
